+--------------------------------------------------------------------------------+
|                                                                                |
|                                                                                |
|                                                                                |
|                                                                                |
|                                                                                |
| 0 black    1 blue   2 green    3 cyan    4 red   5 magenta  6 brown   7 light  |
|                                                                         gray   |
|                                                                                |
|                                                                                |
|                                                                                |
|                                                                                |
|                                                                                |
|                                                                                |
|                                                                                |
|                                                                                |
|                                                                                |
|                                                                                |
|  8 dark   9 light   10 light  11 light  12 light  13 light 14 yellow  15 white |
|   gray      blue     green      cyan      red     magenta                      |
|                                                                                |
|                                                                                |
|                                                                                |
|                                                                                |
|                                                                                |
+--------------------------------------------------------------------------------+
код возврата: 0
