+--------------------------------------------------------------------------------+
|                                                                                |
|                 Внешний блок без атрибутов: columns=1, rows=0.                 |
|                                                                                |
| Ширина этого столбца задана                                                    |
|  явно (30), выравнивание по                                                    |
|      центру и синий фон                                                        |
|   унаследованы от внешнего                                                     |
|           столбца.                                                             |
|                                                                                |
|                                                                                |
|                                                                                |
|                                Последнему столбцу ширина не задана: он получает|
|                                                           остаток 80 - 30 = 50.|
|                                                                                |
|                                                                                |
|                                                                                |
|                                                                                |
|                                                                                |
|                                                                                |
|                                                                                |
|                                                                                |
|                                                                                |
|                                                                                |
|           Последней строке высота не задана: 24 - 3 - 10 = 11 строк.           |
+--------------------------------------------------------------------------------+
+--------------------------------------------------------------------------------+
|                                                                                |
|                                                                                |
|                                                                                |
|                                                                                |
|                                                                                |
|                                                                                |
|                                                                                |
|                                                                                |
|                                                                                |
|                                                                                |
|                                                                                |
|              Второй блок верхнего уровня выводится вторым экраном              |
|                                                                                |
|                                                                                |
|                                                                                |
|                                                                                |
|                                                                                |
|                                                                                |
|                                                                                |
|                                                                                |
|                                                                                |
|                                                                                |
|                                                                                |
|                                                                                |
+--------------------------------------------------------------------------------+
код возврата: 0
