+--------------------------------------------------------------------------------+
|Обычный текст       Слово_длиннеТекст, которому не хватает высоты ячейки,       |
|переносится по      е_ширины_ячеобрезается снизу, а процессор выдаёт            |
|словам, а несколько йки режется                                                 |
|пробелов, табуляции на куски.                                                   |
|и переводы строк в                                                              |
|исходнике                                                                       |
|сворачиваются в один                                                            |
|пробел.                                                                         |
|                                                                                |
|                                                                                |
|                                                                                |
|                                                                                |
|                                       "Кавычки" — обычные символы текста       |
|                                                                                |
|                                                                                |
|                                                                                |
|                                                                                |
|                                                                                |
|                                                                                |
|                                                                                |
|                                                                                |
|                                                                                |
|                                                                                |
|                                                                                |
+--------------------------------------------------------------------------------+
examples/06_wrap.emark:10:4: предупреждение: текст не поместился в <row> 48x2, отброшено строк: 1
код возврата: 0
