examples/err_07_structure.emark:1:1: синтаксическая ошибка: текст вне тегов: документ должен состоять из <block>
examples/err_07_structure.emark:3:2: синтаксическая ошибка: текст прямо внутри <block>: он должен быть в <column> или <row>
examples/err_07_structure.emark:4:2: семантическая ошибка: в <column> нельзя одновременно писать текст и вложенные теги
examples/err_07_structure.emark:10:2: семантическая ошибка: внутри <column> допускается текст или ровно один <block>
код возврата: 1
