examples/err_06_sizes.emark:3:2: семантическая ошибка: width=40 не помещается: занято 50 из 80
examples/err_06_sizes.emark:4:2: семантическая ошибка: для последнего <column> не осталось места: предыдущие уже заняли 90 из 80
examples/err_06_sizes.emark:7:2: семантическая ошибка: у <row> обязателен height: по умолчанию он считается только для последнего
examples/err_06_sizes.emark:12:3: семантическая ошибка: rows=30 больше высоты родителя (24)
examples/err_06_sizes.emark:12:3: семантическая ошибка: columns=11 больше ширины родителя (10)
examples/err_06_sizes.emark:18:4: семантическая ошибка: height=5 не помещается: занято 20 из 24
код возврата: 1
